Hello, TestName, Bazel and OpenROAD!

Goodbye, cruel world!
